[dotenv@17.2.3] injecting env (3) from .env -- tip: ≡ƒùé∩╕Å backup and recover secrets: https://dotenvx.com/ops
Debug: Testing generation with gemini-1.0-pro...
Key first 4 chars: AIza
node : Error Caught!
At line:1 char:1
+ node debug_gen.js > 
error_log.txt 2>&1
+ ~~~~~~~~~~~~~~~~~~~~~~~~~~
~~~~~~~~~~~~
    + CategoryInfo          
    : NotSpecified: (Error  
   Caught!:String) [], Re   
 moteException
    + FullyQualifiedErrorId 
    : NativeCommandError
 
Message: 
[GoogleGenerativeAI Error]: 
Error fetching from https://
generativelanguage.googleapi
s.com/v1beta/models/gemini-1
.0-pro:generateContent: 
[404 Not Found] 
models/gemini-1.0-pro is 
not found for API version 
v1beta, or is not supported 
for generateContent. Call 
ListModels to see the list 
of available models and 
their supported methods.
